
> temp-app@0.1.0 build
> next build

node.exe : ΓÜá Warning: Next.js inferred your workspace root, but it may not be correct.
At line:1 char:1
+ & "C:\Program Files\nodejs/node.exe" "C:\Program Files\nodejs/node_mo ...
+ ~~~~~~~~~~~~~~~~~~~~~~~~~~~~~~~~~~~~~~~~~~~~~~~~~~~~~~~~~~~~~~~~~~~~~
    + CategoryInfo          : NotSpecified: (ΓÜá Warning: Ne...not be correct.:String) [], RemoteException
    + FullyQualifiedErrorId : NativeCommandError
 
 We detected multiple lockfiles and selected the directory of C:\Users\DELL\pnpm-lock.yaml as the root directory.
 To silence this warning, set `turbopack.root` in your Next.js config, or consider removing one of the lockfiles if 
it's not needed.
   See https://nextjs.org/docs/app/api-reference/config/next-config-js/turbopack#root-directory for more information.
 Detected additional lockfiles: 
   * C:\Users\DELL\Desktop\portfoilio2.0\package-lock.json

Γû▓ Next.js 16.2.2 (Turbopack)

  Creating an optimized production build ...

> Build error occurred
Error: Turbopack build failed with 6 errors:
./Desktop/portfoilio2.0/src/app/page.tsx:6:1
Export Github doesn't exist in target module
  [90m4 |[0m [36mimport[0m { [33mReveal[0m } [36mfrom[0m [32m"@/components/reveal"[0m;
  [90m5 |[0m [36mimport[0m { [33mBentoGrid[0m, [33mBentoCard[0m } [36mfrom[0m 
[32m"@/components/bento-card"[0m;
[31m[1m>[0m [90m6 |[0m [36mimport[0m { [33mGithub[0m, [33mTwitter[0m, [33mLinkedin[0m, [33mMail[0m, 
[33mPlay[0m } [36mfrom[0m [32m"lucide-react"[0m;
  [90m  |[0m [31m[1m^^^^^^^^^^^^^^^^^^^^^^^^^^^^^^^^^^^^^^^^^^^^^^^^^^^^^^^^^^^^^^^^^^^^^[0m
  [90m7 |[0m [36mimport[0m [33mImage[0m [36mfrom[0m [32m"next/image"[0m;
  [90m8 |[0m
  [90m9 |[0m [36mexport[0m [36mdefault[0m [36mfunction[0m [33mHome[0m() {

The export Github was not found in module 
[project]/Desktop/portfoilio2.0/node_modules/lucide-react/dist/esm/lucide-react.js [app-client] (ecmascript).
Did you mean to import Gift?
All exports of the module are statically known (It doesn't have dynamic exports). So it's known statically that the 
requested export doesn't exist.

Import traces:
  Client Component Browser:
    ./Desktop/portfoilio2.0/src/app/page.tsx [Client Component Browser]
    ./Desktop/portfoilio2.0/src/app/page.tsx [Server Component]

  Client Component SSR:
    ./Desktop/portfoilio2.0/src/app/page.tsx [Client Component SSR]
    ./Desktop/portfoilio2.0/src/app/page.tsx [Server Component]


./Desktop/portfoilio2.0/src/app/page.tsx:6:1
Export Github doesn't exist in target module
  [90m4 |[0m [36mimport[0m { [33mReveal[0m } [36mfrom[0m [32m"@/components/reveal"[0m;
  [90m5 |[0m [36mimport[0m { [33mBentoGrid[0m, [33mBentoCard[0m } [36mfrom[0m 
[32m"@/components/bento-card"[0m;
[31m[1m>[0m [90m6 |[0m [36mimport[0m { [33mGithub[0m, [33mTwitter[0m, [33mLinkedin[0m, [33mMail[0m, 
[33mPlay[0m } [36mfrom[0m [32m"lucide-react"[0m;
  [90m  |[0m [31m[1m^^^^^^^^^^^^^^^^^^^^^^^^^^^^^^^^^^^^^^^^^^^^^^^^^^^^^^^^^^^^^^^^^^^^^[0m
  [90m7 |[0m [36mimport[0m [33mImage[0m [36mfrom[0m [32m"next/image"[0m;
  [90m8 |[0m
  [90m9 |[0m [36mexport[0m [36mdefault[0m [36mfunction[0m [33mHome[0m() {

The export Github was not found in module 
[project]/Desktop/portfoilio2.0/node_modules/lucide-react/dist/esm/lucide-react.js [app-ssr] (ecmascript).
Did you mean to import Gift?
All exports of the module are statically known (It doesn't have dynamic exports). So it's known statically that the 
requested export doesn't exist.

Import traces:
  Client Component Browser:
    ./Desktop/portfoilio2.0/src/app/page.tsx [Client Component Browser]
    ./Desktop/portfoilio2.0/src/app/page.tsx [Server Component]

  Client Component SSR:
    ./Desktop/portfoilio2.0/src/app/page.tsx [Client Component SSR]
    ./Desktop/portfoilio2.0/src/app/page.tsx [Server Component]


./Desktop/portfoilio2.0/src/app/page.tsx:6:1
Export Linkedin doesn't exist in target module
  [90m4 |[0m [36mimport[0m { [33mReveal[0m } [36mfrom[0m [32m"@/components/reveal"[0m;
  [90m5 |[0m [36mimport[0m { [33mBentoGrid[0m, [33mBentoCard[0m } [36mfrom[0m 
[32m"@/components/bento-card"[0m;
[31m[1m>[0m [90m6 |[0m [36mimport[0m { [33mGithub[0m, [33mTwitter[0m, [33mLinkedin[0m, [33mMail[0m, 
[33mPlay[0m } [36mfrom[0m [32m"lucide-react"[0m;
  [90m  |[0m [31m[1m^^^^^^^^^^^^^^^^^^^^^^^^^^^^^^^^^^^^^^^^^^^^^^^^^^^^^^^^^^^^^^^^^^^^^[0m
  [90m7 |[0m [36mimport[0m [33mImage[0m [36mfrom[0m [32m"next/image"[0m;
  [90m8 |[0m
  [90m9 |[0m [36mexport[0m [36mdefault[0m [36mfunction[0m [33mHome[0m() {

The export Linkedin was not found in module 
[project]/Desktop/portfoilio2.0/node_modules/lucide-react/dist/esm/lucide-react.js [app-client] (ecmascript).
Did you mean to import Link?
All exports of the module are statically known (It doesn't have dynamic exports). So it's known statically that the 
requested export doesn't exist.

Import traces:
  Client Component Browser:
    ./Desktop/portfoilio2.0/src/app/page.tsx [Client Component Browser]
    ./Desktop/portfoilio2.0/src/app/page.tsx [Server Component]

  Client Component SSR:
    ./Desktop/portfoilio2.0/src/app/page.tsx [Client Component SSR]
    ./Desktop/portfoilio2.0/src/app/page.tsx [Server Component]


./Desktop/portfoilio2.0/src/app/page.tsx:6:1
Export Linkedin doesn't exist in target module
  [90m4 |[0m [36mimport[0m { [33mReveal[0m } [36mfrom[0m [32m"@/components/reveal"[0m;
  [90m5 |[0m [36mimport[0m { [33mBentoGrid[0m, [33mBentoCard[0m } [36mfrom[0m 
[32m"@/components/bento-card"[0m;
[31m[1m>[0m [90m6 |[0m [36mimport[0m { [33mGithub[0m, [33mTwitter[0m, [33mLinkedin[0m, [33mMail[0m, 
[33mPlay[0m } [36mfrom[0m [32m"lucide-react"[0m;
  [90m  |[0m [31m[1m^^^^^^^^^^^^^^^^^^^^^^^^^^^^^^^^^^^^^^^^^^^^^^^^^^^^^^^^^^^^^^^^^^^^^[0m
  [90m7 |[0m [36mimport[0m [33mImage[0m [36mfrom[0m [32m"next/image"[0m;
  [90m8 |[0m
  [90m9 |[0m [36mexport[0m [36mdefault[0m [36mfunction[0m [33mHome[0m() {

The export Linkedin was not found in module 
[project]/Desktop/portfoilio2.0/node_modules/lucide-react/dist/esm/lucide-react.js [app-ssr] (ecmascript).
Did you mean to import Link?
All exports of the module are statically known (It doesn't have dynamic exports). So it's known statically that the 
requested export doesn't exist.

Import traces:
  Client Component Browser:
    ./Desktop/portfoilio2.0/src/app/page.tsx [Client Component Browser]
    ./Desktop/portfoilio2.0/src/app/page.tsx [Server Component]

  Client Component SSR:
    ./Desktop/portfoilio2.0/src/app/page.tsx [Client Component SSR]
    ./Desktop/portfoilio2.0/src/app/page.tsx [Server Component]


./Desktop/portfoilio2.0/src/app/page.tsx:6:1
Export Twitter doesn't exist in target module
  [90m4 |[0m [36mimport[0m { [33mReveal[0m } [36mfrom[0m [32m"@/components/reveal"[0m;
  [90m5 |[0m [36mimport[0m { [33mBentoGrid[0m, [33mBentoCard[0m } [36mfrom[0m 
[32m"@/components/bento-card"[0m;
[31m[1m>[0m [90m6 |[0m [36mimport[0m { [33mGithub[0m, [33mTwitter[0m, [33mLinkedin[0m, [33mMail[0m, 
[33mPlay[0m } [36mfrom[0m [32m"lucide-react"[0m;
  [90m  |[0m [31m[1m^^^^^^^^^^^^^^^^^^^^^^^^^^^^^^^^^^^^^^^^^^^^^^^^^^^^^^^^^^^^^^^^^^^^^[0m
  [90m7 |[0m [36mimport[0m [33mImage[0m [36mfrom[0m [32m"next/image"[0m;
  [90m8 |[0m
  [90m9 |[0m [36mexport[0m [36mdefault[0m [36mfunction[0m [33mHome[0m() {

The export Twitter was not found in module 
[project]/Desktop/portfoilio2.0/node_modules/lucide-react/dist/esm/lucide-react.js [app-client] (ecmascript).
Did you mean to import Timer?
All exports of the module are statically known (It doesn't have dynamic exports). So it's known statically that the 
requested export doesn't exist.

Import traces:
  Client Component Browser:
    ./Desktop/portfoilio2.0/src/app/page.tsx [Client Component Browser]
    ./Desktop/portfoilio2.0/src/app/page.tsx [Server Component]

  Client Component SSR:
    ./Desktop/portfoilio2.0/src/app/page.tsx [Client Component SSR]
    ./Desktop/portfoilio2.0/src/app/page.tsx [Server Component]


./Desktop/portfoilio2.0/src/app/page.tsx:6:1
Export Twitter doesn't exist in target module
  [90m4 |[0m [36mimport[0m { [33mReveal[0m } [36mfrom[0m [32m"@/components/reveal"[0m;
  [90m5 |[0m [36mimport[0m { [33mBentoGrid[0m, [33mBentoCard[0m } [36mfrom[0m 
[32m"@/components/bento-card"[0m;
[31m[1m>[0m [90m6 |[0m [36mimport[0m { [33mGithub[0m, [33mTwitter[0m, [33mLinkedin[0m, [33mMail[0m, 
[33mPlay[0m } [36mfrom[0m [32m"lucide-react"[0m;
  [90m  |[0m [31m[1m^^^^^^^^^^^^^^^^^^^^^^^^^^^^^^^^^^^^^^^^^^^^^^^^^^^^^^^^^^^^^^^^^^^^^[0m
  [90m7 |[0m [36mimport[0m [33mImage[0m [36mfrom[0m [32m"next/image"[0m;
  [90m8 |[0m
  [90m9 |[0m [36mexport[0m [36mdefault[0m [36mfunction[0m [33mHome[0m() {

The export Twitter was not found in module 
[project]/Desktop/portfoilio2.0/node_modules/lucide-react/dist/esm/lucide-react.js [app-ssr] (ecmascript).
Did you mean to import Timer?
All exports of the module are statically known (It doesn't have dynamic exports). So it's known statically that the 
requested export doesn't exist.

Import traces:
  Client Component Browser:
    ./Desktop/portfoilio2.0/src/app/page.tsx [Client Component Browser]
    ./Desktop/portfoilio2.0/src/app/page.tsx [Server Component]

  Client Component SSR:
    ./Desktop/portfoilio2.0/src/app/page.tsx [Client Component SSR]
    ./Desktop/portfoilio2.0/src/app/page.tsx [Server Component]


    at <unknown> (./Desktop/portfoilio2.0/src/app/page.tsx:6:1)
    at <unknown> (./Desktop/portfoilio2.0/src/app/page.tsx:6:1)
    at <unknown> (./Desktop/portfoilio2.0/src/app/page.tsx:6:1)
    at <unknown> (./Desktop/portfoilio2.0/src/app/page.tsx:6:1)
    at <unknown> (./Desktop/portfoilio2.0/src/app/page.tsx:6:1)
    at <unknown> (./Desktop/portfoilio2.0/src/app/page.tsx:6:1)
